10
870
1000
87770
100000
8777770
10000000
877777780
1000000000
87777778770
100000000010
8777777877770
10000000001000
877777787777770
1000000000100000
87777778777777870
100000000010000000
8777777877777787770
10000000001000000000
877777787777778777770
1000000000100000000010
87777778777777877777780
100000000010000000001000
8777777877777787777778770
10000000001000000000100000
877777787777778777777877770
1000000000100000000010000000
87777778777777877777787777770
100000000010000000001000000000
8777777877777787777778777777870
10000000001000000000100000000010
877777787777778777777877777787770
1000000000100000000010000000001000
87777778777777877777787777778777770
100000000010000000001000000000100000
8777777877777787777778777777877777780
10000000001000000000100000000010000000
877777787777778777777877777787777778770
1000000000100000000010000000001000000000
87777778777777877777787777778777777877770
