012340
123451
234562
345673
456784
567895
6789106
78910117
891011128
9101112139
